[2020-07-27 10:37:38][INFO] 서버가 정상적으로 시작되었습니다.
[2020-07-27 10:37:38][INFO] 검색 시작 날짜 : 20200730
[2020-07-27 10:37:38][INFO] 메가박스 코엑스 DBC Found (20200730)
[2020-07-27 10:37:39][INFO] CGV 용산 IMAX Found (20200730)
[2020-07-27 10:37:40][INFO] Server Exit
[2020-07-27 15:43:32][INFO] 서버가 정상적으로 시작되었습니다.
[2020-07-27 15:43:32][INFO] 검색 디폴트 날짜 : 20200730
[2020-07-27 15:43:32][INFO] CGV 검색 시작 날짜 : 20200730
[2020-07-27 15:43:32][INFO] 메가박스 검색 시작 날짜 : 20200801
[2020-07-27 15:43:32][INFO] Megabox 코엑스 DBC Not Found (20200801)
[2020-07-27 15:43:32][INFO] CGV 용산 IMAX Found (20200730)
[2020-07-27 15:44:02][INFO] Megabox 코엑스 DBC Not Found (20200801)
[2020-07-27 15:44:24][INFO] 서버가 정상적으로 시작되었습니다.
[2020-07-27 15:44:24][INFO] 검색 디폴트 날짜 : 20200730
[2020-07-27 15:44:24][INFO] CGV 검색 시작 날짜 : 20200730
[2020-07-27 15:44:24][INFO] 메가박스 검색 시작 날짜 : 20200801
[2020-07-27 15:44:24][INFO] Megabox 코엑스 DBC Not Found (20200801)
[2020-07-27 15:44:24][INFO] CGV 용산 IMAX Found (20200730)
[2020-07-27 15:44:25][INFO] CGV 용산 IMAX Not Found (20200731)
[2020-07-27 15:44:52][INFO] 서버가 정상적으로 시작되었습니다.
[2020-07-27 15:44:52][INFO] 검색 디폴트 날짜 : 20200730
[2020-07-27 15:44:52][INFO] CGV 검색 시작 날짜 : 20200731
[2020-07-27 15:44:52][INFO] 메가박스 검색 시작 날짜 : 20200801
[2020-07-27 15:44:52][INFO] Megabox 코엑스 DBC Not Found (20200801)
[2020-07-27 15:44:52][INFO] CGV 용산 IMAX Not Found (20200731)
[2020-07-27 15:45:22][INFO] Megabox 코엑스 DBC Not Found (20200801)
[2020-07-27 15:45:22][INFO] CGV 용산 IMAX Not Found (20200731)
